[www.imdb.com/genre/fantasy.html]
[backblue.gif]
[fade.gif]
[index.html]
[www.imdb.com/genre/fantasy.html]
[www.imdb.com/title/tt2488496/index.html]
[www.imdb.com/title/tt0076759/index.html]
[www.imdb.com/title/tt0120915/index.html]
[www.imdb.com/title/tt2527336/index.html]
[www.imdb.com/title/tt0086190/index.html]
[www.imdb.com/title/tt3748528/index.html]
[www.imdb.com/title/tt0121766/index.html]
[www.imdb.com/title/tt3385516/index.html]
[www.imdb.com/title/tt3332064/index.html]
[www.imdb.com/title/tt2975590/index.html]
[www.imdb.com/title/tt0080684/index.html]
[www.imdb.com/title/tt0121765/index.html]
[www.imdb.com/title/tt2096673/index.html]
[www.imdb.com/title/tt1979388/index.html]
[www.imdb.com/title/tt3850590/index.html]
[www.imdb.com/title/tt2974918/index.html]
[www.imdb.com/title/tt0241527/index.html]
[www.imdb.com/title/tt1201607/index.html]
[www.imdb.com/title/tt1211837/index.html]
[www.imdb.com/title/tt3183660/index.html]
[www.imdb.com/title/tt1661199/index.html]
[www.imdb.com/title/tt0063023/index.html]
[www.imdb.com/title/tt2554274/index.html]
[www.imdb.com/title/tt1831164/index.html]
[www.imdb.com/title/tt1051904/index.html]
[www.imdb.com/title/tt0944947/index.html]
[www.imdb.com/title/tt0120737/index.html]
[www.imdb.com/title/tt0417299/index.html]
[www.imdb.com/title/tt2510894/index.html]
[www.imdb.com/title/tt0877057/index.html]
[www.imdb.com/title/tt0167260/index.html]
[www.imdb.com/title/tt0167261/index.html]
[www.imdb.com/title/tt0063023/index.html]
[www.imdb.com/title/tt0944947/index.html]
[www.imdb.com/title/tt0052520/index.html]
[www.imdb.com/title/tt0417299/index.html]
[www.imdb.com/title/tt1831164/index.html]
[www.imdb.com/title/tt0877057/index.html]
[www.imdb.com/title/tt0052520/index.html]
[www.imdb.com/title/tt0499549/index.html]
[www.imdb.com/title/tt0298148/index.html]
[www.imdb.com/title/tt0249516/index.html]
[www.imdb.com/title/tt0098048/index.html]
[www.imdb.com/title/tt0098048/index.html]
[www.imdb.com/title/tt0421051/index.html]
[www.imdb.com/title/tt0081693/index.html]
[www.imdb.com/title/tt0081693/index.html]
[www.imdb.com/title/tt0362165/index.html]
